//Below is the code of my today's work : 


admin@Arzuuu MINGW64 ~
$ cd Desktop/

admin@Arzuuu MINGW64 ~/Desktop
$ mkdir Story

admin@Arzuuu MINGW64 ~/Desktop
$ cd Story/

admin@Arzuuu MINGW64 ~/Desktop/Story
$ touch chap1.txt

admin@Arzuuu MINGW64 ~/Desktop/Story
$ start chap1.txt

admin@Arzuuu MINGW64 ~/Desktop/Story
$ git init
Initialized empty Git repository in C:/Users/admin/Desktop/Story/.git/

admin@Arzuuu MINGW64 ~/Desktop/Story (master)
$ ls
chap1.txt

admin@Arzuuu MINGW64 ~/Desktop/Story (master)
$ ls -a
./  ../  .git/  chap1.txt

admin@Arzuuu MINGW64 ~/Desktop/Story (master)
$ git status
On branch master

No commits yet

Untracked files:
  (use "git add <file>..." to include in what will be committed)
        chap1.txt

nothing added to commit but untracked files present (use "git add" to track)

admin@Arzuuu MINGW64 ~/Desktop/Story (master)
$ git add chap1.txt

admin@Arzuuu MINGW64 ~/Desktop/Story (master)
$ ls
chap1.txt

admin@Arzuuu MINGW64 ~/Desktop/Story (master)
$ git status 
On branch master

No commits yet

Changes to be committed:
  (use "git rm --cached <file>..." to unstage)
        new file:   chap1.txt


admin@Arzuuu MINGW64 ~/Desktop/Story (master)
$ git commit -m "Initial Commit"
Author identity unknown

*** Please tell me who you are.

Run

  git config --global user.email "you@example.com"
  git config --global user.name "Your Name"

to set your account's default identity.
Omit --global to set the identity only in this repository.

fatal: unable to auto-detect email address (got 'admin@Arzuuu.(none)')

admin@Arzuuu MINGW64 ~/Desktop/Story (master)
$ git log
fatal: your current branch 'master' does not have any commits yet

admin@Arzuuu MINGW64 ~/Desktop/Story (master)
$ git config --global user.name "arzav18"

admin@Arzuuu MINGW64 ~/Desktop/Story (master)
$ git config --global user.name
arzav18

admin@Arzuuu MINGW64 ~/Desktop/Story (master)
$ git config --global user.email "arzav.jain@gmail.com"

admin@Arzuuu MINGW64 ~/Desktop/Story (master)
$ git config --global user.email
arzav.jain@gmail.com

admin@Arzuuu MINGW64 ~/Desktop/Story (master)
$ git commit -m "Initial Commit"
[master (root-commit) 9d61d86] Initial Commit
 1 file changed, 1 insertion(+)
 create mode 100644 chap1.txt

admin@Arzuuu MINGW64 ~/Desktop/Story (master)
$ git log
commit 9d61d8662eee23a9b1bc11fadaf09d72b8476697 (HEAD -> master)
Author: arzav18 <arzav.jain@gmail.com>
Date:   Fri Sep 24 01:31:11 2021 +0530

    Initial Commit

admin@Arzuuu MINGW64 ~/Desktop/Story (master)
$ touch chap2.txt

admin@Arzuuu MINGW64 ~/Desktop/Story (master)
$ touch chap3.txt

admin@Arzuuu MINGW64 ~/Desktop/Story (master)
$ start chap2.txt

admin@Arzuuu MINGW64 ~/Desktop/Story (master)
$ start chap3.txt

admin@Arzuuu MINGW64 ~/Desktop/Story (master)
$ git status
On branch master
Untracked files:
  (use "git add <file>..." to include in what will be committed)
        chap2.txt
        chap3.txt

nothing added to commit but untracked files present (use "git add" to track)

admin@Arzuuu MINGW64 ~/Desktop/Story (master)
$ git add.
git: 'add.' is not a git command. See 'git --help'.

The most similar command is
        add

admin@Arzuuu MINGW64 ~/Desktop/Story (master)
$ git status
On branch master
Untracked files:
  (use "git add <file>..." to include in what will be committed)
        chap2.txt
        chap3.txt

nothing added to commit but untracked files present (use "git add" to track)

admin@Arzuuu MINGW64 ~/Desktop/Story (master)
$ git add .

admin@Arzuuu MINGW64 ~/Desktop/Story (master)
$ git status
On branch master
Changes to be committed:
  (use "git restore --staged <file>..." to unstage)
        new file:   chap2.txt
        new file:   chap3.txt


admin@Arzuuu MINGW64 ~/Desktop/Story (master)
$ git commit -m "Second Commit" 
[master 3cba5e4] Second Commit
 2 files changed, 2 insertions(+)
 create mode 100644 chap2.txt
 create mode 100644 chap3.txt

admin@Arzuuu MINGW64 ~/Desktop/Story (master)
$ git log
commit 3cba5e467f0e36fb7827fdc92066addda7301ab1 (HEAD -> master)
Author: arzav18 <arzav.jain@gmail.com>
Date:   Fri Sep 24 01:36:10 2021 +0530

    Second Commit

commit 9d61d8662eee23a9b1bc11fadaf09d72b8476697
Author: arzav18 <arzav.jain@gmail.com>
Date:   Fri Sep 24 01:31:11 2021 +0530

    Initial Commit

admin@Arzuuu MINGW64 ~/Desktop/Story (master)
$ git status
On branch master
Changes not staged for commit:
  (use "git add <file>..." to update what will be committed)
  (use "git restore <file>..." to discard changes in working directory)
        modified:   chap3.txt

no changes added to commit (use "git add" and/or "git commit -a")

admin@Arzuuu MINGW64 ~/Desktop/Story (master)
$ git diff chap3.txt
diff --git a/chap3.txt b/chap3.txt
index 1969211..067e9e1 100644
--- a/chap3.txt
+++ b/chap3.txt
@@ -1 +1,3 @@
-it's my 3rd file.
\ No newline at end of file
+it's my 3rd file.
+
+abcdefghijklmnopqrstuvwxyz
\ No newline at end of file

admin@Arzuuu MINGW64 ~/Desktop/Story (master)
$ git checkout chap3.txt
Updated 1 path from the index

admin@Arzuuu MINGW64 ~/Desktop/Story (master)
$ ^C
